

================================================================
== Vivado HLS Report for 'myproject'
================================================================
* Date:           Sun Sep 21 23:07:31 2025

* Version:        2020.1 (Build 2897737 on Wed May 27 20:21:37 MDT 2020)
* Project:        myproject_prj
* Solution:       solution1
* Product family: virtexuplus
* Target device:  xcvu9p-flga2104-2L-e


================================================================
== Performance Estimates
================================================================
+ Timing: 
    * Summary: 
    +--------+---------+----------+------------+
    |  Clock |  Target | Estimated| Uncertainty|
    +--------+---------+----------+------------+
    |ap_clk  | 5.00 ns | 4.374 ns |   0.62 ns  |
    +--------+---------+----------+------------+

+ Latency: 
    * Summary: 
    +---------+---------+----------+----------+------+------+----------+
    |  Latency (cycles) |  Latency (absolute) |   Interval  | Pipeline |
    |   min   |   max   |    min   |    max   |  min |  max |   Type   |
    +---------+---------+----------+----------+------+------+----------+
    |     1036|     1037| 5.180 us | 5.185 us |  1028|  1028| dataflow |
    +---------+---------+----------+----------+------+------+----------+

    + Detail: 
        * Instance: 
        +----------------------------------------------------------------------+---------------------------------------------------------------------+---------+---------+-----------+-----------+------+------+---------+
        |                                                                      |                                                                     |  Latency (cycles) |   Latency (absolute)  |   Interval  | Pipeline|
        |                               Instance                               |                                Module                               |   min   |   max   |    min    |    max    |  min |  max |   Type  |
        +----------------------------------------------------------------------+---------------------------------------------------------------------+---------+---------+-----------+-----------+------+------+---------+
        |dense_array_ap_fixed_2u_array_ap_fixed_20_6_5_3_0_2u_config5_U0       |dense_array_ap_fixed_2u_array_ap_fixed_20_6_5_3_0_2u_config5_s       |      909|      910|  4.545 us |  4.550 us |   909|   910|   none  |
        |conv_2d_cl_array_ap_fixed_1u_array_ap_fixed_13_9_5_3_0_2u_config2_U0  |conv_2d_cl_array_ap_fixed_1u_array_ap_fixed_13_9_5_3_0_2u_config2_s  |     1027|     1027|  5.135 us |  5.135 us |  1027|  1027|   none  |
        |softmax_array_array_ap_fixed_4_2_5_3_0_2u_softmax_config6_U0          |softmax_array_array_ap_fixed_4_2_5_3_0_2u_softmax_config6_s          |        4|        4| 20.000 ns | 20.000 ns |     4|     4|   none  |
        |relu_array_ap_fixed_2u_array_ap_fixed_4_2_5_3_0_2u_relu_config3_U0    |relu_array_ap_fixed_2u_array_ap_fixed_4_2_5_3_0_2u_relu_config3_s    |      902|      902|  4.510 us |  4.510 us |   902|   902|   none  |
        +----------------------------------------------------------------------+---------------------------------------------------------------------+---------+---------+-----------+-----------+------+------+---------+

        * Loop: 
        N/A



================================================================
== Utilization Estimates
================================================================
* Summary: 
+---------------------+---------+-------+---------+---------+-----+
|         Name        | BRAM_18K| DSP48E|    FF   |   LUT   | URAM|
+---------------------+---------+-------+---------+---------+-----+
|DSP                  |        -|      -|        -|        -|    -|
|Expression           |        -|      -|        0|        2|    -|
|FIFO                 |        4|      -|      176|      342|    -|
|Instance             |      102|      2|    31133|   103508|    -|
|Memory               |        -|      -|        -|        -|    -|
|Multiplexer          |        -|      -|        -|        -|    -|
|Register             |        -|      -|        -|        -|    -|
+---------------------+---------+-------+---------+---------+-----+
|Total                |      106|      2|    31309|   103852|    0|
+---------------------+---------+-------+---------+---------+-----+
|Available SLR        |     1440|   2280|   788160|   394080|  320|
+---------------------+---------+-------+---------+---------+-----+
|Utilization SLR (%)  |        7|   ~0  |        3|       26|    0|
+---------------------+---------+-------+---------+---------+-----+
|Available            |     4320|   6840|  2364480|  1182240|  960|
+---------------------+---------+-------+---------+---------+-----+
|Utilization (%)      |        2|   ~0  |        1|        8|    0|
+---------------------+---------+-------+---------+---------+-----+

+ Detail: 
    * Instance: 
    +----------------------------------------------------------------------+---------------------------------------------------------------------+---------+-------+-------+--------+-----+
    |                               Instance                               |                                Module                               | BRAM_18K| DSP48E|   FF  |   LUT  | URAM|
    +----------------------------------------------------------------------+---------------------------------------------------------------------+---------+-------+-------+--------+-----+
    |conv_2d_cl_array_ap_fixed_1u_array_ap_fixed_13_9_5_3_0_2u_config2_U0  |conv_2d_cl_array_ap_fixed_1u_array_ap_fixed_13_9_5_3_0_2u_config2_s  |        0|      0|    369|     949|    0|
    |dense_array_ap_fixed_2u_array_ap_fixed_20_6_5_3_0_2u_config5_U0       |dense_array_ap_fixed_2u_array_ap_fixed_20_6_5_3_0_2u_config5_s       |      100|      0|  30682|  101980|    0|
    |relu_array_ap_fixed_2u_array_ap_fixed_4_2_5_3_0_2u_relu_config3_U0    |relu_array_ap_fixed_2u_array_ap_fixed_4_2_5_3_0_2u_relu_config3_s    |        0|      0|     18|     177|    0|
    |softmax_array_array_ap_fixed_4_2_5_3_0_2u_softmax_config6_U0          |softmax_array_array_ap_fixed_4_2_5_3_0_2u_softmax_config6_s          |        2|      2|     64|     402|    0|
    +----------------------------------------------------------------------+---------------------------------------------------------------------+---------+-------+-------+--------+-----+
    |Total                                                                 |                                                                     |      102|      2|  31133|  103508|    0|
    +----------------------------------------------------------------------+---------------------------------------------------------------------+---------+-------+-------+--------+-----+

    * DSP48E: 
    N/A

    * Memory: 
    N/A

    * FIFO: 
    +-------------------------+---------+----+----+-----+------+-----+---------+
    |           Name          | BRAM_18K| FF | LUT| URAM| Depth| Bits| Size:D*B|
    +-------------------------+---------+----+----+-----+------+-----+---------+
    |layer2_out_V_data_0_V_U  |        1|  46|   0|    -|   900|   13|    11700|
    |layer2_out_V_data_1_V_U  |        1|  46|   0|    -|   900|   13|    11700|
    |layer3_out_V_data_0_V_U  |        1|  37|   0|    -|   900|    4|     3600|
    |layer3_out_V_data_1_V_U  |        1|  37|   0|    -|   900|    4|     3600|
    |layer5_out_V_data_0_V_U  |        0|   5|   0|    -|     1|   20|       20|
    |layer5_out_V_data_1_V_U  |        0|   5|   0|    -|     1|   20|       20|
    +-------------------------+---------+----+----+-----+------+-----+---------+
    |Total                    |        4| 176|   0|    0|  3602|   74|    30640|
    +-------------------------+---------+----+----+-----+------+-----+---------+

    * Expression: 
    +--------------+----------+-------+---+----+------------+------------+
    | Variable Name| Operation| DSP48E| FF| LUT| Bitwidth P0| Bitwidth P1|
    +--------------+----------+-------+---+----+------------+------------+
    |ap_idle       |    and   |      0|  0|   2|           1|           1|
    +--------------+----------+-------+---+----+------------+------------+
    |Total         |          |      0|  0|   2|           1|           1|
    +--------------+----------+-------+---+----+------------+------------+

    * Multiplexer: 
    N/A

    * Register: 
    N/A



================================================================
== Interface
================================================================
* Summary: 
+--------------------------------+-----+-----+------------+-------------------------+--------------+
|            RTL Ports           | Dir | Bits|  Protocol  |      Source Object      |    C Type    |
+--------------------------------+-----+-----+------------+-------------------------+--------------+
|conv2d_input_V_data_0_V_TDATA   |  in |    8|    axis    | conv2d_input_V_data_0_V |    pointer   |
|conv2d_input_V_data_0_V_TVALID  |  in |    1|    axis    | conv2d_input_V_data_0_V |    pointer   |
|conv2d_input_V_data_0_V_TREADY  | out |    1|    axis    | conv2d_input_V_data_0_V |    pointer   |
|layer6_out_V_data_0_V_TDATA     | out |    8|    axis    |  layer6_out_V_data_0_V  |    pointer   |
|layer6_out_V_data_0_V_TVALID    | out |    1|    axis    |  layer6_out_V_data_0_V  |    pointer   |
|layer6_out_V_data_0_V_TREADY    |  in |    1|    axis    |  layer6_out_V_data_0_V  |    pointer   |
|layer6_out_V_data_1_V_TDATA     | out |    8|    axis    |  layer6_out_V_data_1_V  |    pointer   |
|layer6_out_V_data_1_V_TVALID    | out |    1|    axis    |  layer6_out_V_data_1_V  |    pointer   |
|layer6_out_V_data_1_V_TREADY    |  in |    1|    axis    |  layer6_out_V_data_1_V  |    pointer   |
|ap_clk                          |  in |    1| ap_ctrl_hs |        myproject        | return value |
|ap_rst_n                        |  in |    1| ap_ctrl_hs |        myproject        | return value |
|ap_start                        |  in |    1| ap_ctrl_hs |        myproject        | return value |
|ap_done                         | out |    1| ap_ctrl_hs |        myproject        | return value |
|ap_ready                        | out |    1| ap_ctrl_hs |        myproject        | return value |
|ap_idle                         | out |    1| ap_ctrl_hs |        myproject        | return value |
+--------------------------------+-----+-----+------------+-------------------------+--------------+

